0011bb00-0011bbff : /qos@0011bb00
0c55fb00-0c55fb9f : mbox0_base
0c55fba0-0c55fc3f : mbox1_base
0c55fc40-0c55fcdf : mbox2_base
0c55fce0-0c55fd7f : mbox3_base
0c55fd80-0c55fe1f : mbox4_base
0c55fe20-0c55febf : mbox5_base
0c55fec0-0c55ff5f : mbox6_base
0c55ff60-0c55ffff : mbox7_base
0c560074-0c560077 : mbox0_clr
0c560078-0c56007b : mbox0_recv
0c562000-0c562003 : mbox0_send
0c562004-0c562007 : mbox0_set
0d190000-0d193fff : /vpu_core0@19030000
0d194000-0d197fff : /vpu_core1@19031000
10001000-10001fff : /scpsys@10001000
10012000-10012fff : /dvfsrc@10012000
10017000-10017fff : sys_timer_base
10026000-10026fff : pwrap
10027000-10027dff : pmif
10029000-100290ff : spmimst
10217080-102170ff : /i2c0@11f00000
10217100-1021717f : /i2c1@11d20000
10217180-102172ff : /i2c2@11d21000
10217300-1021737f : /i2c3@11cb0000
10217380-102174ff : /i2c4@11d22000
10217500-1021757f : /i2c5@11e00000
10217580-102175ff : /i2c6@11f01000
10217600-1021777f : /i2c7@11d00000
10217780-102178ff : /i2c8@11d01000
10217900-10217a7f : /i2c9@11d02000
10217a80-10217aff : /dma-controller@10217a80
10217b00-10217b7f : /dma-controller@10217a80
10217b80-10217bff : /dma-controller@10217a80
10217c00-10217c7f : /dma-controller@10217a80
1021a000-1021afff : /device_mpu_low@1021a000
10226000-10226fff : /emimpu@10226000
10228000-1022bfff : /gce_mbox@10228000
10230000-10231fff : /dramc@10230000
10234000-10234fff : /dramc@10230000
10236000-10236fff : /dramc@10230000
10238000-10239fff : /dramc@10230000
10240000-10241fff : /dramc@10230000
10244000-10244fff : /dramc@10230000
10246000-10246fff : /dramc@10230000
10248000-10249fff : /dramc@10230000
1030d000-1030dfff : /device_mpu_acp@1030d000
10400000-10427fff : sspm_base
10440000-1044ffff : cfgreg
10450000-104500ff : mbox0_base
10451000-10451003 : mbox0_set
10451004-10451007 : mbox0_clr
10460000-104600ff : mbox1_base
10461000-10461003 : mbox1_set
10461004-10461007 : mbox1_clr
10470000-104700ff : mbox2_base
10471000-10471003 : mbox2_set
10471004-10471007 : mbox2_clr
10480000-104800ff : mbox3_base
10481000-10481003 : mbox3_set
10481004-10481007 : mbox3_clr
10490000-104900ff : mbox4_base
10491000-10491003 : mbox4_set
10491004-10491007 : mbox4_clr
10500000-105fffff : scp_sram_base
10721000-10721fff : scp_clkreg
10724000-10724fff : scp_cfgreg
10730000-10730fff : scp_cfgreg_core0
10740000-10740fff : scp_cfgreg_core1
10752000-10752fff : scp_bus_tracker
10760000-1079ffff : scp_l1creg
107a5000-107a5003 : scp_cfgreg_sec
107a5020-107a5023 : mbox0_init
107a5024-107a5027 : mbox1_init
107a5028-107a502b : mbox2_init
107a502c-107a502f : mbox3_init
107a5030-107a5033 : mbox4_init
107fb000-107fb0ff : mbox0_base
107fb100-107fb103 : mbox0_set
107fb10c-107fb10f : mbox0_clr
107fc000-107fc0ff : mbox1_base
107fc100-107fc103 : mbox1_set
107fc10c-107fc10f : mbox1_clr
107fd000-107fd0ff : mbox2_base
107fd100-107fd103 : mbox2_set
107fd10c-107fd10f : mbox2_clr
107fe000-107fe0ff : mbox3_base
107fe100-107fe103 : mbox3_set
107fe10c-107fe10f : mbox3_clr
107ff000-107ff0ff : mbox4_base
107ff100-107ff103 : mbox4_set
107ff10c-107ff10f : mbox4_clr
10800000-10805fff : /adsp_core0@10820000
10806000-108060ff : mbox0_base
10806100-10806103 : mbox0_set
1080610c-1080610f : mbox0_clr
10807000-108070ff : mbox1_base
10807100-10807103 : mbox1_set
1080710c-1080710f : mbox1_clr
10808000-108080ff : mbox2_base
10808100-10808103 : mbox2_set
1080810c-1080810f : mbox2_clr
10809000-108090ff : mbox3_base
10809100-10809103 : mbox3_set
1080910c-1080910f : mbox3_clr
1080b000-1080b04f : cfg_secure
1080b050-1080b053 : mbox0_init
1080b054-1080b057 : mbox1_init
1080b058-1080b05b : mbox2_init
1080b05c-1080b05f : mbox3_init
10820000-10827fff : /adsp_core0@10820000
10840000-10848fff : /adsp_core0@10820000
10850000-10857fff : /adsp_core1@10850000
10870000-10878fff : /adsp_core1@10850000
11001000-11001fff : /auxadc@11001000
11002000-1100201f : serial
11003000-1100301f : serial
1100a000-1100a0ff : /spi0@1100a000
1100e000-1100efff : /disp_pwm0@1100e000
11010000-110100ff : /spi1@11010000
11012000-110120ff : /spi2@11012000
11013000-110130ff : /spi3@11013000
11015000-11015fff : /i2c10@11015000
11017000-11017fff : /i2c11@11017000
11018000-110180ff : /spi4@11018000
11019000-110190ff : /spi5@11019000
1101d000-1101d0ff : /spi6@1101d000
1101e000-1101e0ff : /spi7@1101e000
11201000-11203fff : mac
11210000-11211fff : /mt6873-afe-pcm@11210000
11270000-112722ff : /ufshci@11270000
11cb0000-11cb0fff : /i2c3@11cb0000
11d00000-11d00fff : /i2c7@11d00000
11d01000-11d01fff : /i2c8@11d01000
11d02000-11d02fff : /i2c9@11d02000
11d20000-11d20fff : /i2c1@11d20000
11d21000-11d21fff : /i2c2@11d21000
11d22000-11d22fff : /i2c4@11d22000
11e00000-11e00fff : /i2c5@11e00000
11e50000-11e50fff : /mipi_tx_config@11e50000
11f00000-11f00fff : /i2c0@11f00000
11f01000-11f01fff : /i2c6@11f01000
13000000-13003fff : 13000000.mali
14000000-14000fff : /dispsys_config@14000000
14001000-14001fff : /disp_mutex@14001000
14002000-14002fff : /disp_smi_common@14002000
14003000-14003fff : /smi_larb0@14003000
14004000-14004fff : /smi_larb1@14004000
14010000-14010fff : /dsi@14010000
1401d000-1401dfff : /m4u@1401d000
14022000-14022fff : /disp_smi_2x1_sub_common_u0@14022000
14023000-14023fff : /disp_smi_2x1_sub_common_u1@14023000
14024000-14024fff : /img0_smi_2x1_sub_common@14024000
14025000-14025fff : /img1_smi_2x1_sub_common@14025000
1502e000-1502efff : /smi_larb9@1502e000
1502f000-1502ffff : /smi_larb10@1502f000
1582e000-1582efff : /smi_larb11@1582e000
1582f000-1582ffff : /smi_larb12@1582f000
16000000-16000fff : /vdec@16000000
16004000-16004fff : /vdec@16000000
1600a000-1600afff : /vdec_smi_subcom@1600a000
1600d000-1600dfff : /smi_larb5@1600d000
1600e000-1600efff : /smi_larb6@1600e000
16010000-16010fff : /vdec@16000000
16011000-160113ff : /vdec@16000000
16020000-16020fff : /vdec@16000000
16025000-16028fff : /vdec@16000000
1602e000-1602efff : /smi_larb4@1602e000
17000000-1700ffff : /venc@17000000
17010000-17010fff : /smi_larb7@17010000
17011000-17011fff : /smi_larb8@17011000
17020000-17021fff : /venc@17000000
17030000-1703ffff : /jpgenc@17030000
18000000-180fffff : AXI-BUS
19010000-19010fff : /m4u@19010000
19027000-19027fff : /edma0@19027000
19029000-19029fff : apusys_vcore
19030000-19030fff : /vpu_core0@19030000
19031000-19031fff : /vpu_core1@19031000
190f0000-190f0fff : apusys_rpc
190f1000-190f1fff : apusys_pcu
1a001000-1a001fff : /smi_larb13@1a001000
1a002000-1a002fff : /smi_larb14@1a002000
1a003000-1a003fff : /smi_larb15@1a003000
1a00c000-1a00cfff : /cam_smi_subcom@1a00c000
1a00d000-1a00dfff : /cam_smi_subcom@1a00d000
1a00f000-1a00ffff : /smi_larb16@1a00f000
1a010000-1a010fff : /smi_larb17@1a010000
1a011000-1a011fff : /smi_larb18@1a011000
1b00e000-1b00efff : /ipe_smi_subcom@1b00e000
1b00f000-1b00ffff : /smi_larb20@1b00f000
1b10f000-1b10ffff : /smi_larb19@1b10f000
1d100000-1d13ffff : /vpu_core0@19030000
1d140000-1d16ffff : /vpu_core0@19030000
1d200000-1d23ffff : /vpu_core1@19031000
1d240000-1d26ffff : /vpu_core1@19031000
1f002000-1f002fff : /smi_larb2@1f002000
1f011000-1f011fff : /smi_larb3@1f011000
40000000-4cdfffff : System RAM
  40080000-422bffff : Kernel code
  42aa0000-439f4fff : Kernel data
4d010000-4d010fff : persistent_ram
4d011000-4d011fff : persistent_ram
4d012000-4d012fff : persistent_ram
4d013000-4d013fff : persistent_ram
4d014000-4d014fff : persistent_ram
4d015000-4d015fff : persistent_ram
4d016000-4d016fff : persistent_ram
4d017000-4d017fff : persistent_ram
4d018000-4d018fff : persistent_ram
4d019000-4d019fff : persistent_ram
4d01a000-4d01afff : persistent_ram
4d01b000-4d01bfff : persistent_ram
4d01c000-4d01cfff : persistent_ram
4d01d000-4d01dfff : persistent_ram
4d01e000-4d01efff : persistent_ram
4d01f000-4d01ffff : persistent_ram
4d020000-4d020fff : persistent_ram
4d021000-4d021fff : persistent_ram
4d022000-4d022fff : persistent_ram
4d023000-4d023fff : persistent_ram
4d024000-4d024fff : persistent_ram
4d025000-4d025fff : persistent_ram
4d026000-4d026fff : persistent_ram
4d027000-4d027fff : persistent_ram
4d028000-4d028fff : persistent_ram
4d029000-4d029fff : persistent_ram
4d02a000-4d02afff : persistent_ram
4d02b000-4d02bfff : persistent_ram
4d02c000-4d02cfff : persistent_ram
4d02d000-4d02dfff : persistent_ram
4d02e000-4d02efff : persistent_ram
4d02f000-4d02ffff : persistent_ram
4d030000-4d030fff : persistent_ram
4d031000-4d031fff : persistent_ram
4d032000-4d032fff : persistent_ram
4d033000-4d033fff : persistent_ram
4d034000-4d034fff : persistent_ram
4d035000-4d035fff : persistent_ram
4d036000-4d036fff : persistent_ram
4d037000-4d037fff : persistent_ram
4d038000-4d038fff : persistent_ram
4d039000-4d039fff : persistent_ram
4d03a000-4d03afff : persistent_ram
4d03b000-4d03bfff : persistent_ram
4d03c000-4d03cfff : persistent_ram
4d03d000-4d03dfff : persistent_ram
4d03e000-4d03efff : persistent_ram
4d03f000-4d03ffff : persistent_ram
4d040000-4d040fff : persistent_ram
4d041000-4d041fff : persistent_ram
4d042000-4d042fff : persistent_ram
4d043000-4d043fff : persistent_ram
4d044000-4d044fff : persistent_ram
4d045000-4d045fff : persistent_ram
4d046000-4d046fff : persistent_ram
4d047000-4d047fff : persistent_ram
4d048000-4d048fff : persistent_ram
4d049000-4d049fff : persistent_ram
4d04a000-4d04afff : persistent_ram
4d04b000-4d04bfff : persistent_ram
4d04c000-4d04cfff : persistent_ram
4d04d000-4d04dfff : persistent_ram
4d04e000-4d04efff : persistent_ram
4d04f000-4d04ffff : persistent_ram
4d050000-4d050fff : persistent_ram
4d051000-4d051fff : persistent_ram
4d052000-4d052fff : persistent_ram
4d053000-4d053fff : persistent_ram
4d054000-4d054fff : persistent_ram
4d055000-4d055fff : persistent_ram
4d056000-4d056fff : persistent_ram
4d057000-4d057fff : persistent_ram
4d058000-4d058fff : persistent_ram
4d059000-4d059fff : persistent_ram
4d05a000-4d05afff : persistent_ram
4d05b000-4d05bfff : persistent_ram
4d05c000-4d05cfff : persistent_ram
4d05d000-4d05dfff : persistent_ram
4d05e000-4d05efff : persistent_ram
4d05f000-4d09efff : persistent_ram
4d09f000-4d0defff : persistent_ram
4d0df000-4d0df1ff : persistent_ram
4d0df200-4d0df3ff : persistent_ram
4d0df400-4d0df5ff : persistent_ram
4d0df600-4d0df7ff : persistent_ram
4d0df800-4d0df9ff : persistent_ram
4d0dfa00-4d0dfbff : persistent_ram
4d0dfc00-4d0dfdff : persistent_ram
4d0dfe00-4d0dffff : persistent_ram
4d0e0000-4d0effff : persistent_ram
4d100000-6fffffff : System RAM
76400000-77feffff : System RAM
78000000-79ffffff : System RAM
7ae30000-7beeffff : System RAM
7c810000-7e5fffff : System RAM
7e841000-7e8fffff : System RAM
7fe00000-7feaffff : System RAM
7ffb0000-7fffefff : System RAM
80000000-86ffffff : System RAM
87300000-87ffffff : System RAM
8d460000-8effffff : System RAM
8fc00000-9bffffff : System RAM
9c400000-9c9effff : System RAM
9d600000-9daeffff : System RAM
9e000000-be1fffff : System RAM
be600000-be65ffff : System RAM
bfc20000-bfdfffff : System RAM
bfe40000-bff63fff : System RAM
bff70000-bff7ffff : System RAM
c0000000-ffc6ffff : System RAM
ffe80000-13fffefff : System RAM
140000000-23fffefff : System RAM
